Connecting to: localhost:6501
Connection created!!!
Stopped at tools/debugger/tests/do_quit.js:25
(escargot-debugger) quit
Connection closed.
