Connecting to: localhost:6501
Connection created!!!
Stopped at tools/debugger/tests/do_wait_exit1.js:1
(escargot-debugger) c
Print: 5
Stopped at <ScriptEnd>:1
(escargot-debugger) p a
5(escargot-debugger) p b
alma(escargot-debugger) p c
undefined(escargot-debugger) c
Connection closed.
